Making all in res
make[1]: Entering directory '/app/res'
make[1]: Nothing to be done for 'all'.
make[1]: Leaving directory '/app/res'
Making all in src
make[1]: Entering directory '/app/src'
Making all in codecs
make[2]: Entering directory '/app/src/codecs'
Making all in pcm
make[3]: Entering directory '/app/src/codecs/pcm'
make[3]: Nothing to be done for 'all'.
make[3]: Leaving directory '/app/src/codecs/pcm'
Making all in flac
make[3]: Entering directory '/app/src/codecs/flac'
make[3]: Nothing to be done for 'all'.
make[3]: Leaving directory '/app/src/codecs/flac'
Making all in opus
make[3]: Entering directory '/app/src/codecs/opus'
make[3]: Nothing to be done for 'all'.
make[3]: Leaving directory '/app/src/codecs/opus'
Making all in vorbis
make[3]: Entering directory '/app/src/codecs/vorbis'
make[3]: Nothing to be done for 'all'.
make[3]: Leaving directory '/app/src/codecs/vorbis'
Making all in mp3
make[3]: Entering directory '/app/src/codecs/mp3'
make[3]: Nothing to be done for 'all'.
make[3]: Leaving directory '/app/src/codecs/mp3'
make[3]: Entering directory '/app/src/codecs'
make[3]: Nothing to be done for 'all-am'.
make[3]: Leaving directory '/app/src/codecs'
make[2]: Leaving directory '/app/src/codecs'
Making all in lastfm
make[2]: Entering directory '/app/src/lastfm'
make[2]: Nothing to be done for 'all'.
make[2]: Leaving directory '/app/src/lastfm'
Making all in mpris
make[2]: Entering directory '/app/src/mpris'
make[2]: Nothing to be done for 'all'.
make[2]: Leaving directory '/app/src/mpris'
Making all in io
make[2]: Entering directory '/app/src/io'
Making all in file
make[3]: Entering directory '/app/src/io/file'
make[3]: Nothing to be done for 'all'.
make[3]: Leaving directory '/app/src/io/file'
Making all in http
make[3]: Entering directory '/app/src/io/http'
make[3]: Nothing to be done for 'all'.
make[3]: Leaving directory '/app/src/io/http'
make[3]: Entering directory '/app/src/io'
make[3]: Nothing to be done for 'all-am'.
make[3]: Leaving directory '/app/src/io'
make[2]: Leaving directory '/app/src/io'
Making all in demuxer
make[2]: Entering directory '/app/src/demuxer'
Making all in iso
make[3]: Entering directory '/app/src/demuxer/iso'
make[3]: Nothing to be done for 'all'.
make[3]: Leaving directory '/app/src/demuxer/iso'
Making all in riff
make[3]: Entering directory '/app/src/demuxer/riff'
make[3]: Nothing to be done for 'all'.
make[3]: Leaving directory '/app/src/demuxer/riff'
Making all in raw
make[3]: Entering directory '/app/src/demuxer/raw'
make[3]: Nothing to be done for 'all'.
make[3]: Leaving directory '/app/src/demuxer/raw'
Making all in flac
make[3]: Entering directory '/app/src/demuxer/flac'
make[3]: Nothing to be done for 'all'.
make[3]: Leaving directory '/app/src/demuxer/flac'
Making all in ogg
make[3]: Entering directory '/app/src/demuxer/ogg'
make[3]: Nothing to be done for 'all'.
make[3]: Leaving directory '/app/src/demuxer/ogg'
make[3]: Entering directory '/app/src/demuxer'
make[3]: Nothing to be done for 'all-am'.
make[3]: Leaving directory '/app/src/demuxer'
make[2]: Leaving directory '/app/src/demuxer'
Making all in widget
make[2]: Entering directory '/app/src/widget'
Making all in foundation
make[3]: Entering directory '/app/src/widget/foundation'
make[3]: Nothing to be done for 'all'.
make[3]: Leaving directory '/app/src/widget/foundation'
Making all in windowing
make[3]: Entering directory '/app/src/widget/windowing'
make[3]: Nothing to be done for 'all'.
make[3]: Leaving directory '/app/src/widget/windowing'
Making all in ui
make[3]: Entering directory '/app/src/widget/ui'
make[3]: Nothing to be done for 'all'.
make[3]: Leaving directory '/app/src/widget/ui'
make[3]: Entering directory '/app/src/widget'
make[3]: Nothing to be done for 'all-am'.
make[3]: Leaving directory '/app/src/widget'
make[2]: Leaving directory '/app/src/widget'
Making all in core
make[2]: Entering directory '/app/src/core'
Making all in utility
make[3]: Entering directory '/app/src/core/utility'
make[3]: Nothing to be done for 'all'.
make[3]: Leaving directory '/app/src/core/utility'
Making all in compression
make[3]: Entering directory '/app/src/core/compression'
make[3]: Nothing to be done for 'all'.
make[3]: Leaving directory '/app/src/core/compression'
make[3]: Entering directory '/app/src/core'
make[3]: Nothing to be done for 'all-am'.
make[3]: Leaving directory '/app/src/core'
make[2]: Leaving directory '/app/src/core'
Making all in tag
make[2]: Entering directory '/app/src/tag'
make[2]: Nothing to be done for 'all'.
make[2]: Leaving directory '/app/src/tag'
make[2]: Entering directory '/app/src'
make[2]: Nothing to be done for 'all-am'.
make[2]: Leaving directory '/app/src'
make[1]: Leaving directory '/app/src'
Making all in tests
make[1]: Entering directory '/app/tests'
Making all in .
make[2]: Entering directory '/app/tests'
g++  -g -O2 -Wno-psabi -fstack-protector-strong -D_FORTIFY_SOURCE=2 -fPIE -lSDL  -ltag -lz  -lfreetype  -ldbus-1  -lopus  -lssl -lcrypto  -lcurl      -Wl,-z,relro,-z,now -pie -o test-harness test_harness.o test_discovery.o test_executor.o test_reporter.o libtest_utilities.a ../src/core/libpsymp3-core.a -lSDL  -ltag -lz  -lfreetype  -ldbus-1  -lopus  -lssl -lcrypto  -lcurl      -latomic
g++  -g -O2 -Wno-psabi -fstack-protector-strong -D_FORTIFY_SOURCE=2 -fPIE -lSDL  -ltag -lz  -lfreetype  -ldbus-1  -lopus  -lssl -lcrypto  -lcurl      -Wl,-z,relro,-z,now -pie -o debug_dual_flac debug_dual_flac.o libtest_utilities.a ../src/demuxer/flac/libpsymp3-demuxer-flac.a ../src/demuxer/libpsymp3-demuxer.a ../src/io/file/libpsymp3-io-file.a ../src/io/libpsymp3-io.a ../src/tag/libpsymp3-tag.a ../src/core/utility/libpsymp3-core-utility.a ../src/debug.o ../src/core/libpsymp3-core.a -lSDL  -ltag -lz  -lfreetype  -ldbus-1  -lopus  -lssl -lcrypto  -lcurl      -latomic
g++  -g -O2 -Wno-psabi -fstack-protector-strong -D_FORTIFY_SOURCE=2 -fPIE -lSDL  -ltag -lz  -lfreetype  -ldbus-1  -lopus  -lssl -lcrypto  -lcurl      -Wl,-z,relro,-z,now -pie -o test_lastfm_url_encoding_properties test_lastfm_url_encoding_properties.o libtest_utilities.a ../src/lastfm/libpsymp3-lastfm.a ../src/io/http/libpsymp3-io-http.a ../src/io/file/libpsymp3-io-file.a ../src/io/libpsymp3-io.a ../src/core/utility/libpsymp3-core-utility.a ../src/system.o ../src/debug.o ../src/core/libpsymp3-core.a -lSDL  -ltag -lz   -lfreetype  -ldbus-1  -lopus  -lssl -lcrypto  -lcurl   -lmpg123  -lvorbis  -logg    -latomic -lSDL  -ltag -lz  -lfreetype  -ldbus-1  -lopus  -lssl -lcrypto  -lcurl      -latomic
g++  -g -O2 -Wno-psabi -fstack-protector-strong -D_FORTIFY_SOURCE=2 -fPIE -lSDL  -ltag -lz  -lfreetype  -ldbus-1  -lopus  -lssl -lcrypto  -lcurl      -Wl,-z,relro,-z,now -pie -o test_lastfm_exponential_backoff_properties test_lastfm_exponential_backoff_properties.o -lSDL  -ltag -lz  -lfreetype  -ldbus-1  -lopus  -lssl -lcrypto  -lcurl      -latomic
g++  -g -O2 -Wno-psabi -fstack-protector-strong -D_FORTIFY_SOURCE=2 -fPIE -lSDL  -ltag -lz  -lfreetype  -ldbus-1  -lopus  -lssl -lcrypto  -lcurl      -Wl,-z,relro,-z,now -pie -o test_lastfm_lazy_logging_properties test_lastfm_lazy_logging_properties.o -lSDL  -ltag -lz  -lfreetype  -ldbus-1  -lopus  -lssl -lcrypto  -lcurl      -latomic
g++  -g -O2 -Wno-psabi -fstack-protector-strong -D_FORTIFY_SOURCE=2 -fPIE -lSDL  -ltag -lz  -lfreetype  -ldbus-1  -lopus  -lssl -lcrypto  -lcurl      -Wl,-z,relro,-z,now -pie -o test_lastfm_scrobble_cache_roundtrip_properties test_lastfm_scrobble_cache_roundtrip_properties.o -lSDL  -ltag -lz  -lfreetype  -ldbus-1  -lopus  -lssl -lcrypto  -lcurl      -latomic
g++  -g -O2 -Wno-psabi -fstack-protector-strong -D_FORTIFY_SOURCE=2 -fPIE -lSDL  -ltag -lz  -lfreetype  -ldbus-1  -lopus  -lssl -lcrypto  -lcurl      -Wl,-z,relro,-z,now -pie -o test_lastfm_config_backward_compatibility test_lastfm_config_backward_compatibility.o -lSDL  -ltag -lz  -lfreetype  -ldbus-1  -lopus  -lssl -lcrypto  -lcurl      -latomic
g++  -g -O2 -Wno-psabi -fstack-protector-strong -D_FORTIFY_SOURCE=2 -fPIE -lSDL  -ltag -lz  -lfreetype  -ldbus-1  -lopus  -lssl -lcrypto  -lcurl      -Wl,-z,relro,-z,now -pie -o test_lastfm_config_roundtrip_properties test_lastfm_config_roundtrip_properties.o -lSDL  -ltag -lz  -lfreetype  -ldbus-1  -lopus  -lssl -lcrypto  -lcurl      -latomic
g++  -g -O2 -Wno-psabi -fstack-protector-strong -D_FORTIFY_SOURCE=2 -fPIE -lSDL  -ltag -lz  -lfreetype  -ldbus-1  -lopus  -lssl -lcrypto  -lcurl      -Wl,-z,relro,-z,now -pie -o test_lastfm_thread_safety_properties test_lastfm_thread_safety_properties.o -lpthread -lSDL  -ltag -lz  -lfreetype  -ldbus-1  -lopus  -lssl -lcrypto  -lcurl      -latomic
g++  -g -O2 -Wno-psabi -fstack-protector-strong -D_FORTIFY_SOURCE=2 -fPIE -lSDL  -ltag -lz  -lfreetype  -ldbus-1  -lopus  -lssl -lcrypto  -lcurl      -Wl,-z,relro,-z,now -pie -o test_flac_stream_marker_properties test_flac_stream_marker_properties.o -lSDL  -ltag -lz  -lfreetype  -ldbus-1  -lopus  -lssl -lcrypto  -lcurl      -latomic
g++  -g -O2 -Wno-psabi -fstack-protector-strong -D_FORTIFY_SOURCE=2 -fPIE -lSDL  -ltag -lz  -lfreetype  -ldbus-1  -lopus  -lssl -lcrypto  -lcurl      -Wl,-z,relro,-z,now -pie -o test_flac_stream_marker_with_logging test_flac_stream_marker_with_logging.o -lSDL  -ltag -lz  -lfreetype  -ldbus-1  -lopus  -lssl -lcrypto  -lcurl      -latomic
g++  -g -O2 -Wno-psabi -fstack-protector-strong -D_FORTIFY_SOURCE=2 -fPIE -lSDL  -ltag -lz  -lfreetype  -ldbus-1  -lopus  -lssl -lcrypto  -lcurl      -Wl,-z,relro,-z,now -pie -o test_flac_metadata_block_header_properties test_flac_metadata_block_header_properties.o -lSDL  -ltag -lz  -lfreetype  -ldbus-1  -lopus  -lssl -lcrypto  -lcurl      -latomic
g++  -g -O2 -Wno-psabi -fstack-protector-strong -D_FORTIFY_SOURCE=2 -fPIE -lSDL  -ltag -lz  -lfreetype  -ldbus-1  -lopus  -lssl -lcrypto  -lcurl      -Wl,-z,relro,-z,now -pie -o test_flac_streaminfo_block_size_properties test_flac_streaminfo_block_size_properties.o -lSDL  -ltag -lz  -lfreetype  -ldbus-1  -lopus  -lssl -lcrypto  -lcurl      -latomic
g++  -g -O2 -Wno-psabi -fstack-protector-strong -D_FORTIFY_SOURCE=2 -fPIE -lSDL  -ltag -lz  -lfreetype  -ldbus-1  -lopus  -lssl -lcrypto  -lcurl      -Wl,-z,relro,-z,now -pie -o test_flac_seektable_placeholder_properties test_flac_seektable_placeholder_properties.o -lSDL  -ltag -lz  -lfreetype  -ldbus-1  -lopus  -lssl -lcrypto  -lcurl      -latomic
g++  -g -O2 -Wno-psabi -fstack-protector-strong -D_FORTIFY_SOURCE=2 -fPIE -lSDL  -ltag -lz  -lfreetype  -ldbus-1  -lopus  -lssl -lcrypto  -lcurl      -Wl,-z,relro,-z,now -pie -o test_flac_vorbis_comment_endianness_properties test_flac_vorbis_comment_endianness_properties.o -lSDL  -ltag -lz  -lfreetype  -ldbus-1  -lopus  -lssl -lcrypto  -lcurl      -latomic
g++  -g -O2 -Wno-psabi -fstack-protector-strong -D_FORTIFY_SOURCE=2 -fPIE -lSDL  -ltag -lz  -lfreetype  -ldbus-1  -lopus  -lssl -lcrypto  -lcurl      -Wl,-z,relro,-z,now -pie -o test_flac_vorbis_field_name_properties test_flac_vorbis_field_name_properties.o -lSDL  -ltag -lz  -lfreetype  -ldbus-1  -lopus  -lssl -lcrypto  -lcurl      ../src/demuxer/flac/libpsymp3-demuxer-flac.a ../src/demuxer/libpsymp3-demuxer.a ../src/tag/libpsymp3-tag.a ../src/core/utility/libpsymp3-core-utility.a ../src/core/libpsymp3-core.a ../src/io/libpsymp3-io.a ../src/debug.o -latomic
g++  -g -O2 -Wno-psabi -fstack-protector-strong -D_FORTIFY_SOURCE=2 -fPIE -lSDL  -ltag -lz  -lfreetype  -ldbus-1  -lopus  -lssl -lcrypto  -lcurl      -Wl,-z,relro,-z,now -pie -o test_flac_cuesheet_track_count_properties test_flac_cuesheet_track_count_properties.o -lSDL  -ltag -lz  -lfreetype  -ldbus-1  -lopus  -lssl -lcrypto  -lcurl      -latomic
g++  -g -O2 -Wno-psabi -fstack-protector-strong -D_FORTIFY_SOURCE=2 -fPIE -lSDL  -ltag -lz  -lfreetype  -ldbus-1  -lopus  -lssl -lcrypto  -lcurl      -Wl,-z,relro,-z,now -pie -o test_flac_frame_sync_properties test_flac_frame_sync_properties.o -lSDL  -ltag -lz  -lfreetype  -ldbus-1  -lopus  -lssl -lcrypto  -lcurl      -latomic
g++  -g -O2 -Wno-psabi -fstack-protector-strong -D_FORTIFY_SOURCE=2 -fPIE -lSDL  -ltag -lz  -lfreetype  -ldbus-1  -lopus  -lssl -lcrypto  -lcurl      -Wl,-z,relro,-z,now -pie -o test_flac_block_size_bits_properties test_flac_block_size_bits_properties.o -lSDL  -ltag -lz  -lfreetype  -ldbus-1  -lopus  -lssl -lcrypto  -lcurl      -latomic
g++  -g -O2 -Wno-psabi -fstack-protector-strong -D_FORTIFY_SOURCE=2 -fPIE -lSDL  -ltag -lz  -lfreetype  -ldbus-1  -lopus  -lssl -lcrypto  -lcurl      -Wl,-z,relro,-z,now -pie -o test_flac_sample_rate_bits_properties test_flac_sample_rate_bits_properties.o -lSDL  -ltag -lz  -lfreetype  -ldbus-1  -lopus  -lssl -lcrypto  -lcurl      -latomic
g++  -g -O2 -Wno-psabi -fstack-protector-strong -D_FORTIFY_SOURCE=2 -fPIE -lSDL  -ltag -lz  -lfreetype  -ldbus-1  -lopus  -lssl -lcrypto  -lcurl      -Wl,-z,relro,-z,now -pie -o test_flac_crc8_properties test_flac_crc8_properties.o -lSDL  -ltag -lz  -lfreetype  -ldbus-1  -lopus  -lssl -lcrypto  -lcurl      -latomic
g++  -g -O2 -Wno-psabi -fstack-protector-strong -D_FORTIFY_SOURCE=2 -fPIE -lSDL  -ltag -lz  -lfreetype  -ldbus-1  -lopus  -lssl -lcrypto  -lcurl      -Wl,-z,relro,-z,now -pie -o test_flac_crc16_properties test_flac_crc16_properties.o -lSDL  -ltag -lz  -lfreetype  -ldbus-1  -lopus  -lssl -lcrypto  -lcurl      -latomic
g++  -g -O2 -Wno-psabi -fstack-protector-strong -D_FORTIFY_SOURCE=2 -fPIE -lSDL  -ltag -lz  -lfreetype  -ldbus-1  -lopus  -lssl -lcrypto  -lcurl      -Wl,-z,relro,-z,now -pie -o test_flac_frame_size_estimation_properties test_flac_frame_size_estimation_properties.o -lSDL  -ltag -lz  -lfreetype  -ldbus-1  -lopus  -lssl -lcrypto  -lcurl      -latomic
g++  -g -O2 -Wno-psabi -fstack-protector-strong -D_FORTIFY_SOURCE=2 -fPIE -lSDL  -ltag -lz  -lfreetype  -ldbus-1  -lopus  -lssl -lcrypto  -lcurl      -Wl,-z,relro,-z,now -pie -o test_flac_frame_boundary_search_properties test_flac_frame_boundary_search_properties.o -lSDL  -ltag -lz  -lfreetype  -ldbus-1  -lopus  -lssl -lcrypto  -lcurl      -latomic
g++  -g -O2 -Wno-psabi -fstack-protector-strong -D_FORTIFY_SOURCE=2 -fPIE -lSDL  -ltag -lz  -lfreetype  -ldbus-1  -lopus  -lssl -lcrypto  -lcurl      -Wl,-z,relro,-z,now -pie -o test_flac_duration_calculation_properties test_flac_duration_calculation_properties.o -lSDL  -ltag -lz  -lfreetype  -ldbus-1  -lopus  -lssl -lcrypto  -lcurl      -latomic
g++  -g -O2 -Wno-psabi -fstack-protector-strong -D_FORTIFY_SOURCE=2 -fPIE -lSDL  -ltag -lz  -lfreetype  -ldbus-1  -lopus  -lssl -lcrypto  -lcurl      -Wl,-z,relro,-z,now -pie -o test_flac_sync_resync_properties test_flac_sync_resync_properties.o -lSDL  -ltag -lz  -lfreetype  -ldbus-1  -lopus  -lssl -lcrypto  -lcurl      -latomic
g++  -g -O2 -Wno-psabi -fstack-protector-strong -D_FORTIFY_SOURCE=2 -fPIE -lSDL  -ltag -lz  -lfreetype  -ldbus-1  -lopus  -lssl -lcrypto  -lcurl      -Wl,-z,relro,-z,now -pie -o test_flac_thread_safety_lock_pattern_properties test_flac_thread_safety_lock_pattern_properties.o -lSDL  -ltag -lz  -lfreetype  -ldbus-1  -lopus  -lssl -lcrypto  -lcurl      -lpthread -latomic
g++  -g -O2 -Wno-psabi -fstack-protector-strong -D_FORTIFY_SOURCE=2 -fPIE -lSDL  -ltag -lz  -lfreetype  -ldbus-1  -lopus  -lssl -lcrypto  -lcurl      -Wl,-z,relro,-z,now -pie -o test_flac_debug_logging_format_properties test_flac_debug_logging_format_properties.o -lSDL  -ltag -lz  -lfreetype  -ldbus-1  -lopus  -lssl -lcrypto  -lcurl      -latomic
g++  -g -O2 -Wno-psabi -fstack-protector-strong -D_FORTIFY_SOURCE=2 -fPIE -lSDL  -ltag -lz  -lfreetype  -ldbus-1  -lopus  -lssl -lcrypto  -lcurl      -Wl,-z,relro,-z,now -pie -o opusout opusout.o libtest_utilities.a ../src/stream.o ../src/track.o ../src/core/libpsymp3-core.a ../src/system.o ../src/io/TagLibIOHandlerAdapter.o ../src/codecs/libpsymp3-codecs.a ../src/codecs/pcm/libpsymp3-codec-pcm.a ../src/codecs/flac/libpsymp3-codec-flac.a ../src/codecs/flac/libpsymp3-codec-flac.a ../src/codecs/mp3/libpsymp3-codec-mp3.a ../src/codecs/vorbis/libpsymp3-codec-vorbis.a ../src/codecs/opus/libpsymp3-codec-opus.a  ../src/demuxer/ogg/libpsymp3-demuxer-ogg.a ../src/demuxer/iso/libpsymp3-demuxer-iso.a ../src/demuxer/raw/libpsymp3-demuxer-raw.a ../src/demuxer/riff/libpsymp3-demuxer-riff.a ../src/demuxer/flac/libpsymp3-demuxer-flac.a ../src/demuxer/ogg/libpsymp3-demuxer-ogg.a ../src/demuxer/libpsymp3-demuxer.a ../src/core/utility/libpsymp3-core-utility.a ../src/io/file/libpsymp3-io-file.a ../src/io/libpsymp3-io.a ../src/debug.o ../src/core/libpsymp3-core.a ../src/core/libpsymp3-core.a ../src/tag/libpsymp3-tag.a ../src/core/utility/libpsymp3-core-utility.a -lopus  -logg  -lvorbis -lmpg123 -lcurl -lssl -lcrypto -lSDL  -ltag -lz  -lfreetype  -ldbus-1  -lopus  -lssl -lcrypto  -lcurl       -ltag -lz   -latomic
g++  -g -O2 -Wno-psabi -fstack-protector-strong -D_FORTIFY_SOURCE=2 -fPIE -lSDL  -ltag -lz  -lfreetype  -ldbus-1  -lopus  -lssl -lcrypto  -lcurl      -Wl,-z,relro,-z,now -pie -o test_debug_system test_debug_system.o ../src/debug.o -lSDL  -ltag -lz  -lfreetype  -ldbus-1  -lopus  -lssl -lcrypto  -lcurl      -latomic
g++  -g -O2 -Wno-psabi -fstack-protector-strong -D_FORTIFY_SOURCE=2 -fPIE -lSDL  -ltag -lz  -lfreetype  -ldbus-1  -lopus  -lssl -lcrypto  -lcurl      -Wl,-z,relro,-z,now -pie -o flacout flacout.o libtest_utilities.a ../src/stream.o ../src/track.o ../src/core/libpsymp3-core.a ../src/system.o ../src/io/TagLibIOHandlerAdapter.o ../src/codecs/libpsymp3-codecs.a ../src/codecs/flac/libpsymp3-codec-flac.a ../src/codecs/pcm/libpsymp3-codec-pcm.a ../src/codecs/flac/libpsymp3-codec-flac.a ../src/codecs/flac/libpsymp3-codec-flac.a ../src/codecs/mp3/libpsymp3-codec-mp3.a ../src/codecs/vorbis/libpsymp3-codec-vorbis.a ../src/codecs/opus/libpsymp3-codec-opus.a  ../src/demuxer/flac/libpsymp3-demuxer-flac.a ../src/demuxer/iso/libpsymp3-demuxer-iso.a ../src/demuxer/raw/libpsymp3-demuxer-raw.a ../src/demuxer/riff/libpsymp3-demuxer-riff.a ../src/demuxer/flac/libpsymp3-demuxer-flac.a ../src/demuxer/ogg/libpsymp3-demuxer-ogg.a ../src/demuxer/libpsymp3-demuxer.a ../src/tag/libpsymp3-tag.a ../src/core/utility/libpsymp3-core-utility.a ../src/io/file/libpsymp3-io-file.a ../src/io/libpsymp3-io.a ../src/debug.o ../src/core/libpsymp3-core.a ../src/core/libpsymp3-core.a  -logg -lvorbis -lvorbisenc -lopus -lmpg123 -lcurl -lssl -lcrypto -lSDL  -ltag -lz  -lfreetype  -ldbus-1  -lopus  -lssl -lcrypto  -lcurl       -latomic
depbase=`echo vorbisout.o | sed 's|[^/]*$|.deps/&|;s|\.o$||'`;\
g++ -DHAVE_CONFIG_H -I. -I../include  -I../include -I/usr/include/SDL -D_GNU_SOURCE=1 -D_REENTRANT  -I/usr/include/taglib  -I/usr/include/freetype2 -I/usr/include/libpng16   -I/usr/include/x86_64-linux-gnu  -I/usr/include/opus    -I/usr/include/x86_64-linux-gnu     -I/usr/include/dbus-1.0 -I/usr/lib/x86_64-linux-gnu/dbus-1.0/include    -g -O2 -Wno-psabi -fstack-protector-strong -D_FORTIFY_SOURCE=2 -fPIE -MT vorbisout.o -MD -MP -MF $depbase.Tpo -c -o vorbisout.o vorbisout.cpp &&\
mv -f $depbase.Tpo $depbase.Po
depbase=`echo mp3out.o | sed 's|[^/]*$|.deps/&|;s|\.o$||'`;\
g++ -DHAVE_CONFIG_H -I. -I../include  -I../include -I/usr/include/SDL -D_GNU_SOURCE=1 -D_REENTRANT  -I/usr/include/taglib  -I/usr/include/freetype2 -I/usr/include/libpng16   -I/usr/include/x86_64-linux-gnu  -I/usr/include/opus    -I/usr/include/x86_64-linux-gnu     -I/usr/include/dbus-1.0 -I/usr/lib/x86_64-linux-gnu/dbus-1.0/include    -g -O2 -Wno-psabi -fstack-protector-strong -D_FORTIFY_SOURCE=2 -fPIE -MT mp3out.o -MD -MP -MF $depbase.Tpo -c -o mp3out.o mp3out.cpp &&\
mv -f $depbase.Tpo $depbase.Po
chmod +x ./run_mpris_static_analysis.sh
chmod +x ./run_mpris_final_validation.sh
chmod +x ./run_mpris_integration_tests.sh
chmod +x ./run_basic_integration_tests.sh
chmod +x ./run_mpris_logging_tests.sh
g++  -g -O2 -Wno-psabi -fstack-protector-strong -D_FORTIFY_SOURCE=2 -fPIE -lSDL  -ltag -lz  -lfreetype  -ldbus-1  -lopus  -lssl -lcrypto  -lcurl      -Wl,-z,relro,-z,now -pie -o mp3out mp3out.o libtest_utilities.a ../src/stream.o ../src/track.o ../src/core/libpsymp3-core.a ../src/system.o ../src/io/TagLibIOHandlerAdapter.o ../src/codecs/libpsymp3-codecs.a ../src/codecs/pcm/libpsymp3-codec-pcm.a ../src/codecs/flac/libpsymp3-codec-flac.a ../src/codecs/flac/libpsymp3-codec-flac.a ../src/codecs/mp3/libpsymp3-codec-mp3.a ../src/codecs/vorbis/libpsymp3-codec-vorbis.a ../src/codecs/opus/libpsymp3-codec-opus.a  ../src/demuxer/iso/libpsymp3-demuxer-iso.a ../src/demuxer/raw/libpsymp3-demuxer-raw.a ../src/demuxer/riff/libpsymp3-demuxer-riff.a ../src/demuxer/flac/libpsymp3-demuxer-flac.a ../src/demuxer/ogg/libpsymp3-demuxer-ogg.a ../src/demuxer/libpsymp3-demuxer.a ../src/tag/libpsymp3-tag.a ../src/core/utility/libpsymp3-core-utility.a ../src/io/file/libpsymp3-io-file.a ../src/io/libpsymp3-io.a ../src/debug.o ../src/core/libpsymp3-core.a ../src/core/libpsymp3-core.a -lmpg123  -logg -lvorbis -lvorbisenc -lopus -lmpg123 -lcurl -lssl -lcrypto -lSDL  -ltag -lz  -lfreetype  -ldbus-1  -lopus  -lssl -lcrypto  -lcurl       -latomic
g++  -g -O2 -Wno-psabi -fstack-protector-strong -D_FORTIFY_SOURCE=2 -fPIE -lSDL  -ltag -lz  -lfreetype  -ldbus-1  -lopus  -lssl -lcrypto  -lcurl      -Wl,-z,relro,-z,now -pie -o vorbisout vorbisout.o libtest_utilities.a ../src/stream.o ../src/track.o ../src/core/libpsymp3-core.a ../src/system.o ../src/io/TagLibIOHandlerAdapter.o ../src/codecs/libpsymp3-codecs.a ../src/codecs/pcm/libpsymp3-codec-pcm.a ../src/codecs/flac/libpsymp3-codec-flac.a ../src/codecs/flac/libpsymp3-codec-flac.a ../src/codecs/mp3/libpsymp3-codec-mp3.a ../src/codecs/vorbis/libpsymp3-codec-vorbis.a ../src/codecs/opus/libpsymp3-codec-opus.a  ../src/demuxer/ogg/libpsymp3-demuxer-ogg.a ../src/demuxer/iso/libpsymp3-demuxer-iso.a ../src/demuxer/raw/libpsymp3-demuxer-raw.a ../src/demuxer/riff/libpsymp3-demuxer-riff.a ../src/demuxer/flac/libpsymp3-demuxer-flac.a ../src/demuxer/ogg/libpsymp3-demuxer-ogg.a ../src/demuxer/libpsymp3-demuxer.a ../src/tag/libpsymp3-tag.a ../src/core/utility/libpsymp3-core-utility.a ../src/io/file/libpsymp3-io-file.a ../src/io/libpsymp3-io.a ../src/debug.o ../src/core/libpsymp3-core.a ../src/core/libpsymp3-core.a -lvorbis  -logg -lopus -lmpg123 -lcurl -lssl -lcrypto -lSDL  -ltag -lz  -lfreetype  -ldbus-1  -lopus  -lssl -lcrypto  -lcurl        -latomic
make[2]: Leaving directory '/app/tests'
make[1]: Leaving directory '/app/tests'
make[1]: Entering directory '/app'
make[1]: Nothing to be done for 'all-am'.
make[1]: Leaving directory '/app'
